[2026-03-18 00:44:34] [32minfo[39m: MongoDB Connected: localhost
[2026-03-18 00:44:34] [32minfo[39m: Server running on http://localhost:5000
[2026-03-18 00:56:27] [32minfo[39m: MongoDB Connected: localhost
[2026-03-18 00:56:27] [32minfo[39m: Server running on http://localhost:5000
[2026-03-18 01:17:38] [32minfo[39m: MongoDB Connected: localhost
[2026-03-18 01:17:38] [32minfo[39m: AFIS Backend running on http://localhost:5000
[2026-03-18 01:17:38] [32minfo[39m: Environment: development
[2026-03-18 01:17:38] [32minfo[39m: CORS allowed origin: http://localhost:8080
[2026-03-18 02:36:16] [32minfo[39m: MongoDB Connected: localhost
[2026-03-18 02:36:16] [32minfo[39m: AFIS Backend running on http://localhost:5000
[2026-03-18 02:36:16] [32minfo[39m: Environment: development
[2026-03-18 02:36:16] [32minfo[39m: CORS allowed origin: http://localhost:8080
[2026-03-18 03:08:35] [32minfo[39m: MongoDB Connected: localhost
[2026-03-18 03:08:35] [32minfo[39m: AFIS Backend running on http://localhost:5000
[2026-03-18 03:08:35] [32minfo[39m: Environment: development
[2026-03-18 03:08:35] [32minfo[39m: CORS allowed origin: http://localhost:8080
[2026-03-18 03:08:38] [32minfo[39m: MongoDB Connected: localhost
[2026-03-18 03:08:38] [32minfo[39m: AFIS Backend running on http://localhost:5000
[2026-03-18 03:08:38] [32minfo[39m: Environment: development
[2026-03-18 03:08:38] [32minfo[39m: CORS allowed origin: http://localhost:8080
[2026-03-18 03:09:56] [32minfo[39m: MongoDB Connected: localhost
[2026-03-18 03:09:56] [32minfo[39m: AFIS Backend running on http://localhost:5000
[2026-03-18 03:09:56] [32minfo[39m: Environment: development
[2026-03-18 03:09:56] [32minfo[39m: CORS allowed origin: http://localhost:8080
[2026-03-18 03:10:54] [32minfo[39m: MongoDB Connected: localhost
[2026-03-18 03:10:54] [32minfo[39m: AFIS Backend running on http://localhost:5000
[2026-03-18 03:10:54] [32minfo[39m: Environment: development
[2026-03-18 03:10:54] [32minfo[39m: CORS allowed origin: http://localhost:8080
[2026-03-18 03:12:26] [32minfo[39m: MongoDB Connected: localhost
[2026-03-18 03:12:26] [32minfo[39m: AFIS Backend running on http://localhost:5000
[2026-03-18 03:12:26] [32minfo[39m: Environment: development
[2026-03-18 03:12:26] [32minfo[39m: CORS allowed origin: http://localhost:8080
[2026-03-18 03:13:19] [32minfo[39m: MongoDB Connected: localhost
[2026-03-18 03:13:19] [32minfo[39m: AFIS Backend running on http://localhost:5000
[2026-03-18 03:13:19] [32minfo[39m: Environment: development
[2026-03-18 03:13:19] [32minfo[39m: CORS allowed origin: http://localhost:8080
[2026-03-18 03:19:08] [32minfo[39m: MongoDB Connected: localhost
[2026-03-18 03:19:08] [32minfo[39m: AFIS Backend running on http://localhost:5000
[2026-03-18 03:19:08] [32minfo[39m: Environment: development
[2026-03-18 03:19:08] [32minfo[39m: CORS allowed origin: http://localhost:8080
[2026-03-18 03:19:38] [32minfo[39m: MongoDB Connected: localhost
[2026-03-18 03:19:38] [32minfo[39m: AFIS Backend running on http://localhost:5000
[2026-03-18 03:19:38] [32minfo[39m: Environment: development
[2026-03-18 03:19:38] [32minfo[39m: CORS allowed origin: http://localhost:8080
[2026-03-18 03:28:54] [32minfo[39m: MongoDB Connected: localhost
[2026-03-18 03:28:54] [32minfo[39m: AFIS Backend running on http://localhost:5000
[2026-03-18 03:28:54] [32minfo[39m: Environment: development
[2026-03-18 03:28:54] [32minfo[39m: CORS allowed origin: http://localhost:8080
[2026-03-18 03:35:22] [32minfo[39m: MongoDB Connected: localhost
[2026-03-18 03:35:22] [32minfo[39m: AFIS Backend running on http://localhost:5000
[2026-03-18 03:35:22] [32minfo[39m: Environment: development
[2026-03-18 03:35:22] [32minfo[39m: CORS allowed origin: http://localhost:8080
[2026-03-18 03:52:33] [32minfo[39m: MongoDB Connected: localhost
[2026-03-18 03:52:33] [32minfo[39m: AFIS Backend running on http://localhost:5000
[2026-03-18 03:52:33] [32minfo[39m: Environment: development
[2026-03-18 03:52:33] [32minfo[39m: CORS allowed origin: http://localhost:8080
[2026-03-18 03:55:25] [32minfo[39m: MongoDB Connected: localhost
[2026-03-18 03:55:25] [32minfo[39m: AFIS Backend running on http://localhost:5000
[2026-03-18 03:55:25] [32minfo[39m: Environment: development
[2026-03-18 03:55:25] [32minfo[39m: CORS allowed origin: http://localhost:8080
[2026-03-18 04:22:26] [33mwarn[39m: MongoDB disconnected
[2026-03-18 04:38:53] [33mwarn[39m: MongoDB disconnected
[2026-03-18 04:54:58] [33mwarn[39m: MongoDB disconnected
[2026-03-18 05:11:35] [33mwarn[39m: MongoDB disconnected
[2026-03-18 05:27:46] [33mwarn[39m: MongoDB disconnected
[2026-03-18 05:28:38] [33mwarn[39m: MongoDB disconnected
[2026-03-18 05:44:08] [33mwarn[39m: MongoDB disconnected
[2026-03-18 06:02:04] [33mwarn[39m: MongoDB disconnected
[2026-03-18 06:15:34] [33mwarn[39m: MongoDB disconnected
[2026-03-18 06:20:30] [33mwarn[39m: MongoDB disconnected
[2026-03-18 07:27:58] [32minfo[39m: MongoDB Connected: localhost
[2026-03-18 07:27:58] [32minfo[39m: AFIS Backend running on http://localhost:5000
[2026-03-18 07:27:58] [32minfo[39m: Environment: development
[2026-03-18 07:27:58] [32minfo[39m: CORS allowed origin: http://localhost:8080
[2026-03-18 07:27:58] [32minfo[39m: MongoDB Connected: localhost
[2026-03-18 07:27:58] [32minfo[39m: AFIS Backend running on http://localhost:5000
[2026-03-18 07:27:58] [32minfo[39m: Environment: development
[2026-03-18 07:27:58] [32minfo[39m: CORS allowed origin: http://localhost:8080
[2026-03-18 07:28:01] [32minfo[39m: MongoDB Connected: localhost
[2026-03-18 07:28:01] [32minfo[39m: AFIS Backend running on http://localhost:5000
[2026-03-18 07:28:01] [32minfo[39m: Environment: development
[2026-03-18 07:28:01] [32minfo[39m: CORS allowed origin: http://localhost:8080
[2026-03-18 08:05:23] [32minfo[39m: MongoDB Connected: localhost
[2026-03-18 08:05:23] [32minfo[39m: AFIS Backend running on http://localhost:5000
[2026-03-18 08:05:23] [32minfo[39m: Environment: development
[2026-03-18 08:05:23] [32minfo[39m: CORS allowed origin: http://localhost:8080
[2026-03-18 08:19:24] [32minfo[39m: MongoDB Connected: localhost
[2026-03-18 08:19:24] [32minfo[39m: AFIS Backend running on http://localhost:5000
[2026-03-18 08:19:24] [32minfo[39m: Environment: development
[2026-03-18 08:19:24] [32minfo[39m: CORS allowed origin: http://localhost:8080
[2026-03-18 08:33:59] [33mwarn[39m: MongoDB disconnected
[2026-03-18 08:43:10] [33mwarn[39m: MongoDB disconnected
[2026-03-18 09:18:56] [33mwarn[39m: MongoDB disconnected
[2026-03-18 22:47:20] [32minfo[39m: MongoDB Connected: localhost
[2026-03-18 22:47:20] [32minfo[39m: AFIS Backend running on http://localhost:5000
[2026-03-18 22:47:20] [32minfo[39m: Environment: development
[2026-03-18 22:47:20] [32minfo[39m: CORS allowed origin: http://localhost:8080
[2026-03-20 10:40:53] [32minfo[39m: MongoDB Connected: localhost
[2026-03-20 10:40:53] [32minfo[39m: AFIS Backend running on http://localhost:5000
[2026-03-20 10:40:53] [32minfo[39m: Environment: development
[2026-03-20 10:40:53] [32minfo[39m: CORS allowed origin: http://localhost:8080
[2026-03-20 10:54:55] [33mwarn[39m: MongoDB disconnected
[2026-03-20 11:05:56] [33mwarn[39m: MongoDB disconnected
[2026-03-20 11:09:02] [33mwarn[39m: MongoDB disconnected
[2026-03-20 11:12:28] [33mwarn[39m: MongoDB disconnected
[2026-03-20 11:22:01] [33mwarn[39m: MongoDB disconnected
[2026-03-20 11:59:12] [33mwarn[39m: MongoDB disconnected
[2026-03-20 12:26:01] [32minfo[39m: MongoDB Connected: localhost
[2026-03-20 12:26:01] [32minfo[39m: AFIS Backend running on http://localhost:5000
[2026-03-20 12:26:01] [32minfo[39m: Environment: development
[2026-03-20 12:26:01] [32minfo[39m: CORS allowed origin: http://localhost:8080
[2026-03-20 12:30:44] [33mwarn[39m: MongoDB disconnected
[2026-03-20 12:35:01] [33mwarn[39m: MongoDB disconnected
[2026-03-20 13:03:52] [33mwarn[39m: MongoDB disconnected
[2026-03-21 17:34:36] [32minfo[39m: MongoDB Connected: localhost
[2026-03-21 17:34:36] [32minfo[39m: AFIS Backend running on http://localhost:5000
[2026-03-21 17:34:36] [32minfo[39m: Environment: development
[2026-03-21 17:34:36] [32minfo[39m: CORS allowed origin: http://localhost:8080
[2026-03-21 17:44:37] [32minfo[39m: Running alert checks...
[2026-03-21 17:44:38] [32minfo[39m: Alert checks complete
[2026-03-21 17:54:37] [32minfo[39m: Running alert checks...
[2026-03-21 17:54:37] [32minfo[39m: Alert checks complete
[2026-03-21 18:04:37] [32minfo[39m: Running alert checks...
[2026-03-21 18:04:38] [32minfo[39m: Alert checks complete
[2026-03-21 18:08:55] [32minfo[39m: MongoDB Connected: localhost
[2026-03-21 18:08:55] [32minfo[39m: AFIS Backend running on http://localhost:5000
[2026-03-21 18:08:55] [32minfo[39m: Environment: development
[2026-03-21 18:08:55] [32minfo[39m: CORS allowed origin: http://localhost:8080
[2026-03-21 18:18:55] [32minfo[39m: Running alert checks...
[2026-03-21 18:18:56] [32minfo[39m: Alert checks complete
[2026-03-21 18:28:00] [32minfo[39m: MongoDB Connected: localhost
[2026-03-21 18:28:00] [32minfo[39m: AFIS Backend running on http://localhost:5000
[2026-03-21 18:28:00] [32minfo[39m: Environment: development
[2026-03-21 18:28:00] [32minfo[39m: CORS allowed origin: http://localhost:8080
[2026-03-21 18:38:00] [32minfo[39m: Running alert checks...
[2026-03-21 18:38:01] [32minfo[39m: Alert checks complete
[2026-03-21 18:41:54] [32minfo[39m: MongoDB Connected: localhost
[2026-03-21 18:41:54] [32minfo[39m: AFIS Backend running on http://localhost:5000
[2026-03-21 18:41:54] [32minfo[39m: Environment: development
[2026-03-21 18:41:54] [32minfo[39m: CORS allowed origin: http://localhost:8080
[2026-03-21 18:41:55] [32minfo[39m: MongoDB Connected: localhost
[2026-03-21 18:41:55] [32minfo[39m: AFIS Backend running on http://localhost:5000
[2026-03-21 18:41:55] [32minfo[39m: Environment: development
[2026-03-21 18:41:55] [32minfo[39m: CORS allowed origin: http://localhost:8080
[2026-03-21 18:41:58] [32minfo[39m: MongoDB Connected: localhost
[2026-03-21 18:41:58] [32minfo[39m: AFIS Backend running on http://localhost:5000
[2026-03-21 18:41:58] [32minfo[39m: Environment: development
[2026-03-21 18:41:58] [32minfo[39m: CORS allowed origin: http://localhost:8080
[2026-03-21 18:42:38] [32minfo[39m: MongoDB Connected: localhost
[2026-03-21 18:42:38] [32minfo[39m: AFIS Backend running on http://localhost:5000
[2026-03-21 18:42:38] [32minfo[39m: Environment: development
[2026-03-21 18:42:38] [32minfo[39m: CORS allowed origin: http://localhost:8080
[2026-03-21 18:43:22] [32minfo[39m: MongoDB Connected: localhost
[2026-03-21 18:43:22] [32minfo[39m: AFIS Backend running on http://localhost:5000
[2026-03-21 18:43:22] [32minfo[39m: Environment: development
[2026-03-21 18:43:22] [32minfo[39m: CORS allowed origin: http://localhost:8080
[2026-03-21 18:44:25] [32minfo[39m: MongoDB Connected: localhost
[2026-03-21 18:44:25] [32minfo[39m: AFIS Backend running on http://localhost:5000
[2026-03-21 18:44:25] [32minfo[39m: Environment: development
[2026-03-21 18:44:25] [32minfo[39m: CORS allowed origin: http://localhost:8080
[2026-03-21 18:45:18] [32minfo[39m: MongoDB Connected: localhost
[2026-03-21 18:45:18] [32minfo[39m: AFIS Backend running on http://localhost:5000
[2026-03-21 18:45:18] [32minfo[39m: Environment: development
[2026-03-21 18:45:18] [32minfo[39m: CORS allowed origin: http://localhost:8080
[2026-03-21 18:55:18] [32minfo[39m: Running alert checks...
[2026-03-21 18:55:19] [32minfo[39m: Alert checks complete
[2026-03-21 19:02:56] [32minfo[39m: MongoDB Connected: localhost
[2026-03-21 19:02:56] [32minfo[39m: AFIS Backend running on http://localhost:5000
[2026-03-21 19:02:56] [32minfo[39m: Environment: development
[2026-03-21 19:02:56] [32minfo[39m: CORS allowed origin: http://localhost:8080
[2026-03-21 19:02:56] [32minfo[39m: MongoDB Connected: localhost
[2026-03-21 19:02:56] [32minfo[39m: AFIS Backend running on http://localhost:5000
[2026-03-21 19:02:56] [32minfo[39m: Environment: development
[2026-03-21 19:02:56] [32minfo[39m: CORS allowed origin: http://localhost:8080
[2026-03-21 19:12:56] [32minfo[39m: Running alert checks...
[2026-03-21 19:12:59] [32minfo[39m: Alert checks complete
[2026-03-21 19:19:12] [32minfo[39m: MongoDB Connected: localhost
[2026-03-21 19:19:12] [32minfo[39m: AFIS Backend running on http://localhost:5000
[2026-03-21 19:19:12] [32minfo[39m: Environment: development
[2026-03-21 19:19:12] [32minfo[39m: CORS allowed origin: http://localhost:8080
[2026-03-21 19:23:34] [32minfo[39m: MongoDB Connected: localhost
[2026-03-21 19:23:34] [32minfo[39m: AFIS Backend running on http://localhost:5000
[2026-03-21 19:23:34] [32minfo[39m: Environment: development
[2026-03-21 19:23:34] [32minfo[39m: CORS allowed origin: http://localhost:8080
[2026-03-21 19:33:11] [33mwarn[39m: MongoDB disconnected
[2026-03-21 19:33:34] [32minfo[39m: Running alert checks...
[2026-03-21 19:33:35] [32minfo[39m: Alert checks complete
[2026-03-21 19:43:34] [32minfo[39m: Running alert checks...
[2026-03-21 19:43:35] [32minfo[39m: Alert checks complete
[2026-03-21 19:48:18] [32minfo[39m: MongoDB Connected: localhost
[2026-03-21 19:48:18] [32minfo[39m: AFIS Backend running on http://localhost:5000
[2026-03-21 19:48:18] [32minfo[39m: Environment: development
[2026-03-21 19:48:18] [32minfo[39m: CORS allowed origin: http://localhost:8080
[2026-03-21 19:49:57] [32minfo[39m: MongoDB Connected: localhost
[2026-03-21 19:49:57] [32minfo[39m: AFIS Backend running on http://localhost:5000
[2026-03-21 19:49:57] [32minfo[39m: Environment: development
[2026-03-21 19:49:57] [32minfo[39m: CORS allowed origin: http://localhost:8080
[2026-03-21 20:10:14] [32minfo[39m: Running alert checks...
[2026-03-21 20:10:14] [33mwarn[39m: MongoDB disconnected
[2026-03-21 20:10:15] [32minfo[39m: Alert checks complete
[2026-03-21 20:26:57] [32minfo[39m: Running alert checks...
[2026-03-21 20:26:57] [33mwarn[39m: MongoDB disconnected
[2026-03-21 20:26:57] [32minfo[39m: Alert checks complete
[2026-03-21 20:43:39] [32minfo[39m: Running alert checks...
[2026-03-21 20:43:39] [33mwarn[39m: MongoDB disconnected
[2026-03-21 20:43:42] [32minfo[39m: Alert checks complete
[2026-03-21 20:51:08] [32minfo[39m: MongoDB Connected: localhost
[2026-03-21 20:51:08] [32minfo[39m: AFIS Backend running on http://localhost:5000
[2026-03-21 20:51:08] [32minfo[39m: Environment: development
[2026-03-21 20:51:08] [32minfo[39m: CORS allowed origin: http://localhost:8080
[2026-03-21 20:51:27] [32minfo[39m: MongoDB Connected: localhost
[2026-03-21 20:51:27] [32minfo[39m: AFIS Backend running on http://localhost:5000
[2026-03-21 20:51:27] [32minfo[39m: Environment: development
[2026-03-21 20:51:27] [32minfo[39m: CORS allowed origin: http://localhost:8080
[2026-03-21 21:01:27] [32minfo[39m: Running alert checks...
[2026-03-21 21:01:27] [32minfo[39m: Alert checks complete
[2026-03-21 21:11:27] [32minfo[39m: Running alert checks...
[2026-03-21 21:11:27] [32minfo[39m: Alert checks complete
[2026-03-21 21:21:27] [32minfo[39m: Running alert checks...
[2026-03-21 21:21:27] [32minfo[39m: Alert checks complete
[2026-03-21 21:31:27] [32minfo[39m: Running alert checks...
[2026-03-21 21:31:27] [32minfo[39m: Alert checks complete
[2026-03-21 21:41:27] [32minfo[39m: Running alert checks...
[2026-03-21 21:41:27] [32minfo[39m: Alert checks complete
[2026-03-21 21:51:27] [32minfo[39m: Running alert checks...
[2026-03-21 21:51:27] [32minfo[39m: Alert checks complete
[2026-03-21 22:01:27] [32minfo[39m: Running alert checks...
[2026-03-21 22:01:28] [32minfo[39m: Alert checks complete
[2026-03-21 22:11:27] [32minfo[39m: Running alert checks...
[2026-03-21 22:11:27] [32minfo[39m: Alert checks complete
[2026-03-21 22:21:27] [32minfo[39m: Running alert checks...
[2026-03-21 22:21:27] [32minfo[39m: Alert checks complete
[2026-03-21 22:31:27] [32minfo[39m: Running alert checks...
[2026-03-21 22:31:27] [32minfo[39m: Alert checks complete
[2026-03-21 22:41:27] [32minfo[39m: Running alert checks...
[2026-03-21 22:41:27] [32minfo[39m: Alert checks complete
[2026-03-21 22:51:27] [32minfo[39m: Running alert checks...
[2026-03-21 22:51:27] [32minfo[39m: Alert checks complete
[2026-03-21 23:01:27] [32minfo[39m: Running alert checks...
[2026-03-21 23:01:27] [32minfo[39m: Alert checks complete
[2026-03-21 23:11:27] [32minfo[39m: Running alert checks...
[2026-03-21 23:11:27] [32minfo[39m: Alert checks complete
[2026-03-21 23:21:27] [32minfo[39m: Running alert checks...
[2026-03-21 23:21:27] [32minfo[39m: Alert checks complete
[2026-03-21 23:31:27] [32minfo[39m: Running alert checks...
[2026-03-21 23:31:27] [32minfo[39m: Alert checks complete
[2026-03-21 23:41:27] [32minfo[39m: Running alert checks...
[2026-03-21 23:41:27] [32minfo[39m: Alert checks complete
[2026-03-21 23:51:27] [32minfo[39m: Running alert checks...
[2026-03-21 23:51:27] [32minfo[39m: Alert checks complete
[2026-03-21 23:59:33] [32minfo[39m: MongoDB Connected: localhost
[2026-03-21 23:59:33] [32minfo[39m: AFIS Backend running on http://localhost:5000
[2026-03-21 23:59:33] [32minfo[39m: Environment: development
[2026-03-21 23:59:33] [32minfo[39m: CORS allowed origin: http://localhost:8080
[2026-03-22 00:07:29] [31merror[39m: No matching document found for id "69b9bec36b2af601add33b87" version 6 modifiedPaths "optimizedPath"
VersionError: No matching document found for id "69b9bec36b2af601add33b87" version 6 modifiedPaths "optimizedPath"
    at generateVersionError (/Users/ashithshankaravula/Downloads/freight-command-ai-main/afis-backend/node_modules/mongoose/lib/model.js:566:10)
    at model.save (/Users/ashithshankaravula/Downloads/freight-command-ai-main/afis-backend/node_modules/mongoose/lib/model.js:624:28)
    at optimizeRoute (/Users/ashithshankaravula/Downloads/freight-command-ai-main/afis-backend/src/controllers/routeController.ts:50:19)
    at processTicksAndRejections (node:internal/process/task_queues:103:5)
[2026-03-22 00:07:29] [31merror[39m: No matching document found for id "69b9bec36b2af601add33b87" version 6 modifiedPaths "optimizedPath, estimatedTime, trafficFactor"
VersionError: No matching document found for id "69b9bec36b2af601add33b87" version 6 modifiedPaths "optimizedPath, estimatedTime, trafficFactor"
    at generateVersionError (/Users/ashithshankaravula/Downloads/freight-command-ai-main/afis-backend/node_modules/mongoose/lib/model.js:566:10)
    at model.save (/Users/ashithshankaravula/Downloads/freight-command-ai-main/afis-backend/node_modules/mongoose/lib/model.js:624:28)
    at optimizeRoute (/Users/ashithshankaravula/Downloads/freight-command-ai-main/afis-backend/src/controllers/routeController.ts:50:19)
    at processTicksAndRejections (node:internal/process/task_queues:103:5)
[2026-03-22 00:09:33] [32minfo[39m: Running alert checks...
[2026-03-22 00:09:33] [32minfo[39m: Alert checks complete
[2026-03-22 00:19:33] [32minfo[39m: Running alert checks...
[2026-03-22 00:19:33] [32minfo[39m: Alert checks complete
[2026-03-22 00:29:33] [32minfo[39m: Running alert checks...
[2026-03-22 00:29:33] [32minfo[39m: Alert checks complete
[2026-03-22 00:39:33] [32minfo[39m: Running alert checks...
[2026-03-22 00:39:33] [32minfo[39m: Alert checks complete
[2026-03-22 00:49:33] [32minfo[39m: Running alert checks...
[2026-03-22 00:49:33] [32minfo[39m: Alert checks complete
[2026-03-22 00:59:33] [32minfo[39m: Running alert checks...
[2026-03-22 00:59:33] [32minfo[39m: Alert checks complete
[2026-03-22 01:09:33] [32minfo[39m: Running alert checks...
[2026-03-22 01:09:33] [32minfo[39m: Alert checks complete
[2026-03-22 01:19:33] [32minfo[39m: Running alert checks...
[2026-03-22 01:19:33] [32minfo[39m: Alert checks complete
[2026-03-22 01:29:33] [32minfo[39m: Running alert checks...
[2026-03-22 01:29:33] [32minfo[39m: Alert checks complete
[2026-03-22 01:39:33] [32minfo[39m: Running alert checks...
[2026-03-22 01:39:33] [32minfo[39m: Alert checks complete
[2026-03-22 01:49:33] [32minfo[39m: Running alert checks...
[2026-03-22 01:49:33] [32minfo[39m: Alert checks complete
[2026-03-22 01:59:33] [32minfo[39m: Running alert checks...
[2026-03-22 01:59:33] [32minfo[39m: Alert checks complete
[2026-03-22 02:18:26] [32minfo[39m: Running alert checks...
[2026-03-22 02:18:26] [33mwarn[39m: MongoDB disconnected
[2026-03-22 02:18:26] [32minfo[39m: Alert checks complete
[2026-03-22 02:24:51] [33mwarn[39m: MongoDB disconnected
[2026-03-22 02:31:02] [32minfo[39m: Running alert checks...
[2026-03-22 02:31:02] [33mwarn[39m: MongoDB disconnected
[2026-03-22 02:31:02] [32minfo[39m: Alert checks complete
[2026-03-22 02:47:38] [32minfo[39m: Running alert checks...
[2026-03-22 02:47:39] [32minfo[39m: Alert checks complete
[2026-03-22 03:04:35] [32minfo[39m: Running alert checks...
[2026-03-22 03:04:35] [33mwarn[39m: MongoDB disconnected
[2026-03-22 03:04:37] [32minfo[39m: Alert checks complete
[2026-03-22 03:20:08] [32minfo[39m: Running alert checks...
[2026-03-22 03:20:08] [33mwarn[39m: MongoDB disconnected
[2026-03-22 03:20:09] [32minfo[39m: Alert checks complete
[2026-03-22 03:36:18] [32minfo[39m: Running alert checks...
[2026-03-22 03:36:18] [33mwarn[39m: MongoDB disconnected
[2026-03-22 03:36:18] [32minfo[39m: Alert checks complete
[2026-03-22 03:48:43] [32minfo[39m: Running alert checks...
[2026-03-22 03:48:43] [33mwarn[39m: MongoDB disconnected
[2026-03-22 03:48:44] [32minfo[39m: Alert checks complete
[2026-03-22 04:06:23] [32minfo[39m: Running alert checks...
[2026-03-22 04:06:23] [33mwarn[39m: MongoDB disconnected
[2026-03-22 04:06:24] [32minfo[39m: Alert checks complete
[2026-03-22 04:22:46] [32minfo[39m: Running alert checks...
[2026-03-22 04:22:46] [33mwarn[39m: MongoDB disconnected
[2026-03-22 04:22:47] [32minfo[39m: Alert checks complete
[2026-03-22 04:38:42] [32minfo[39m: Running alert checks...
[2026-03-22 04:38:42] [33mwarn[39m: MongoDB disconnected
[2026-03-22 04:38:43] [32minfo[39m: Alert checks complete
[2026-03-22 04:41:53] [33mwarn[39m: MongoDB disconnected
[2026-03-22 04:57:52] [32minfo[39m: Running alert checks...
[2026-03-22 04:57:53] [32minfo[39m: Alert checks complete
[2026-03-22 05:15:14] [32minfo[39m: Running alert checks...
[2026-03-22 05:15:14] [33mwarn[39m: MongoDB disconnected
[2026-03-22 05:15:15] [32minfo[39m: Alert checks complete
[2026-03-22 05:32:02] [32minfo[39m: Running alert checks...
[2026-03-22 05:32:02] [33mwarn[39m: MongoDB disconnected
[2026-03-22 05:32:03] [32minfo[39m: Alert checks complete
[2026-03-22 05:42:53] [32minfo[39m: Running alert checks...
[2026-03-22 05:42:53] [33mwarn[39m: MongoDB disconnected
[2026-03-22 05:42:54] [32minfo[39m: Alert checks complete
[2026-03-22 05:59:09] [32minfo[39m: Running alert checks...
[2026-03-22 05:59:09] [33mwarn[39m: MongoDB disconnected
[2026-03-22 05:59:10] [32minfo[39m: Alert checks complete
[2026-03-22 06:17:00] [32minfo[39m: Running alert checks...
[2026-03-22 06:17:00] [32minfo[39m: Alert checks complete
[2026-03-22 06:33:12] [32minfo[39m: Running alert checks...
[2026-03-22 06:33:12] [33mwarn[39m: MongoDB disconnected
[2026-03-22 06:33:13] [32minfo[39m: Alert checks complete
[2026-03-22 06:43:53] [32minfo[39m: Running alert checks...
[2026-03-22 06:43:53] [33mwarn[39m: MongoDB disconnected
[2026-03-22 06:43:54] [32minfo[39m: Alert checks complete
[2026-03-22 06:50:30] [33mwarn[39m: MongoDB disconnected
[2026-03-22 07:08:35] [32minfo[39m: Running alert checks...
[2026-03-22 07:08:36] [32minfo[39m: Alert checks complete
[2026-03-22 07:26:21] [32minfo[39m: Running alert checks...
[2026-03-22 07:26:21] [32minfo[39m: Alert checks complete
[2026-03-22 07:41:35] [32minfo[39m: Running alert checks...
[2026-03-22 07:41:35] [33mwarn[39m: MongoDB disconnected
[2026-03-22 07:41:36] [32minfo[39m: Alert checks complete
[2026-03-22 07:44:53] [33mwarn[39m: MongoDB disconnected
[2026-03-22 08:02:10] [32minfo[39m: Running alert checks...
[2026-03-22 08:02:10] [33mwarn[39m: MongoDB disconnected
[2026-03-22 08:02:11] [32minfo[39m: Alert checks complete
[2026-03-22 08:04:51] [33mwarn[39m: MongoDB disconnected
[2026-03-22 08:21:47] [32minfo[39m: Running alert checks...
[2026-03-22 08:21:47] [33mwarn[39m: MongoDB disconnected
[2026-03-22 08:21:48] [32minfo[39m: Alert checks complete
[2026-03-22 08:36:53] [32minfo[39m: Running alert checks...
[2026-03-22 08:36:53] [33mwarn[39m: MongoDB disconnected
[2026-03-22 08:36:54] [32minfo[39m: Alert checks complete
[2026-03-22 08:45:54] [33mwarn[39m: MongoDB disconnected
[2026-03-22 09:01:48] [32minfo[39m: Running alert checks...
[2026-03-22 09:01:48] [33mwarn[39m: MongoDB disconnected
[2026-03-22 09:01:49] [32minfo[39m: Alert checks complete
[2026-03-22 09:19:19] [32minfo[39m: Running alert checks...
[2026-03-22 09:19:19] [33mwarn[39m: MongoDB disconnected
[2026-03-22 09:19:20] [32minfo[39m: Alert checks complete
[2026-03-22 09:36:24] [32minfo[39m: Running alert checks...
[2026-03-22 09:36:24] [33mwarn[39m: MongoDB disconnected
[2026-03-22 09:36:25] [32minfo[39m: Alert checks complete
[2026-03-22 09:46:54] [32minfo[39m: Running alert checks...
[2026-03-22 09:46:54] [33mwarn[39m: MongoDB disconnected
[2026-03-22 09:46:55] [32minfo[39m: Alert checks complete
[2026-03-22 10:03:16] [32minfo[39m: Running alert checks...
[2026-03-22 10:03:16] [33mwarn[39m: MongoDB disconnected
[2026-03-22 10:03:17] [32minfo[39m: Alert checks complete
[2026-03-22 10:20:31] [32minfo[39m: Running alert checks...
[2026-03-22 10:20:31] [33mwarn[39m: MongoDB disconnected
[2026-03-22 10:20:32] [32minfo[39m: Alert checks complete
[2026-03-22 10:37:20] [32minfo[39m: Running alert checks...
[2026-03-22 10:37:20] [33mwarn[39m: MongoDB disconnected
[2026-03-22 10:37:21] [32minfo[39m: Alert checks complete
[2026-03-22 10:47:54] [32minfo[39m: Running alert checks...
[2026-03-22 10:47:54] [33mwarn[39m: MongoDB disconnected
[2026-03-22 10:47:55] [32minfo[39m: Alert checks complete
[2026-03-22 11:04:52] [32minfo[39m: Running alert checks...
[2026-03-22 11:04:52] [32minfo[39m: Alert checks complete
[2026-03-22 11:06:00] [33mwarn[39m: MongoDB disconnected
[2026-03-22 11:12:40] [33mwarn[39m: MongoDB disconnected
[2026-03-22 11:15:09] [32minfo[39m: Running alert checks...
[2026-03-22 11:15:09] [33mwarn[39m: MongoDB disconnected
[2026-03-22 11:15:10] [32minfo[39m: Alert checks complete
[2026-03-22 11:25:25] [32minfo[39m: Running alert checks...
[2026-03-22 11:25:25] [33mwarn[39m: MongoDB disconnected
[2026-03-22 11:25:26] [32minfo[39m: Alert checks complete
[2026-03-22 11:31:38] [33mwarn[39m: MongoDB disconnected
[2026-03-22 11:35:25] [32minfo[39m: Running alert checks...
[2026-03-22 11:35:27] [32minfo[39m: Alert checks complete
[2026-03-22 11:37:28] [33mwarn[39m: MongoDB disconnected
[2026-03-22 11:45:25] [32minfo[39m: Running alert checks...
[2026-03-22 11:45:25] [32minfo[39m: Alert checks complete
[2026-03-23 15:59:47] [32minfo[39m: MongoDB Connected: localhost
[2026-03-23 15:59:47] [32minfo[39m: AFIS Backend running on http://localhost:5000
[2026-03-23 15:59:47] [32minfo[39m: Environment: development
[2026-03-23 15:59:47] [32minfo[39m: CORS allowed origin: http://localhost:8080
[2026-03-23 16:06:39] [32minfo[39m: MongoDB Connected: localhost
[2026-03-23 16:06:39] [32minfo[39m: AFIS Backend running on http://localhost:5000
[2026-03-23 16:06:39] [32minfo[39m: Environment: development
[2026-03-23 16:06:39] [32minfo[39m: CORS allowed origin: http://localhost:8080
[2026-03-23 16:16:39] [32minfo[39m: Running alert checks...
[2026-03-23 16:16:39] [32minfo[39m: Alert checks complete
[2026-03-23 16:26:39] [32minfo[39m: Running alert checks...
[2026-03-23 16:26:40] [32minfo[39m: Alert checks complete
[2026-03-23 16:39:28] [32minfo[39m: Running alert checks...
[2026-03-23 16:39:28] [33mwarn[39m: MongoDB disconnected
[2026-03-23 16:39:29] [32minfo[39m: Alert checks complete
[2026-03-23 16:41:33] [33mwarn[39m: MongoDB disconnected
[2026-03-23 16:43:57] [33mwarn[39m: MongoDB disconnected
[2026-03-23 16:45:39] [33mwarn[39m: MongoDB disconnected
[2026-03-23 16:48:52] [33mwarn[39m: MongoDB disconnected
[2026-03-23 16:49:28] [32minfo[39m: Running alert checks...
[2026-03-23 16:49:28] [32minfo[39m: Alert checks complete
[2026-03-23 16:51:17] [33mwarn[39m: MongoDB disconnected
[2026-03-23 17:07:55] [32minfo[39m: Running alert checks...
[2026-03-23 17:07:55] [33mwarn[39m: MongoDB disconnected
[2026-03-23 17:07:55] [32minfo[39m: Alert checks complete
[2026-03-23 17:20:45] [32minfo[39m: Running alert checks...
[2026-03-23 17:20:46] [33mwarn[39m: MongoDB disconnected
[2026-03-23 17:20:46] [32minfo[39m: Alert checks complete
[2026-03-23 17:22:50] [33mwarn[39m: MongoDB disconnected
[2026-03-23 17:28:02] [33mwarn[39m: MongoDB disconnected
[2026-03-23 17:41:06] [32minfo[39m: Running alert checks...
[2026-03-23 17:41:06] [33mwarn[39m: MongoDB disconnected
[2026-03-23 17:41:07] [32minfo[39m: Alert checks complete
[2026-03-23 17:54:32] [32minfo[39m: Running alert checks...
[2026-03-23 17:54:32] [33mwarn[39m: MongoDB disconnected
[2026-03-23 17:54:32] [32minfo[39m: Alert checks complete
[2026-03-23 17:59:37] [33mwarn[39m: MongoDB disconnected
[2026-03-23 18:06:16] [32minfo[39m: Running alert checks...
[2026-03-23 18:06:17] [33mwarn[39m: MongoDB disconnected
[2026-03-23 18:06:18] [32minfo[39m: Alert checks complete
[2026-03-23 18:16:16] [32minfo[39m: Running alert checks...
[2026-03-23 18:16:17] [32minfo[39m: Alert checks complete
[2026-03-23 18:26:16] [32minfo[39m: Running alert checks...
[2026-03-23 18:26:16] [32minfo[39m: Alert checks complete
[2026-03-23 18:36:16] [32minfo[39m: Running alert checks...
[2026-03-23 18:36:16] [32minfo[39m: Alert checks complete
[2026-03-23 18:46:16] [32minfo[39m: Running alert checks...
[2026-03-23 18:46:16] [32minfo[39m: Alert checks complete
[2026-03-23 18:56:16] [32minfo[39m: Running alert checks...
[2026-03-23 18:56:17] [32minfo[39m: Alert checks complete
[2026-03-23 18:58:08] [33mwarn[39m: MongoDB disconnected
[2026-03-23 18:59:27] [33mwarn[39m: MongoDB disconnected
[2026-03-23 19:06:16] [32minfo[39m: Running alert checks...
[2026-03-23 19:06:17] [32minfo[39m: Alert checks complete
[2026-03-23 19:16:16] [32minfo[39m: Running alert checks...
[2026-03-23 19:16:17] [32minfo[39m: Alert checks complete
[2026-03-23 19:26:16] [32minfo[39m: Running alert checks...
[2026-03-23 19:26:17] [32minfo[39m: Alert checks complete
[2026-03-23 19:29:36] [33mwarn[39m: MongoDB disconnected
[2026-03-23 19:31:31] [33mwarn[39m: MongoDB disconnected
[2026-03-23 19:36:49] [32minfo[39m: Running alert checks...
[2026-03-23 19:36:49] [33mwarn[39m: MongoDB disconnected
[2026-03-23 19:36:50] [32minfo[39m: Alert checks complete
[2026-03-23 19:39:35] [33mwarn[39m: MongoDB disconnected
[2026-03-23 19:44:30] [33mwarn[39m: MongoDB disconnected
[2026-03-23 19:48:42] [32minfo[39m: Running alert checks...
[2026-03-23 19:48:42] [32minfo[39m: Alert checks complete
[2026-03-23 19:59:57] [32minfo[39m: Running alert checks...
[2026-03-23 19:59:57] [33mwarn[39m: MongoDB disconnected
[2026-03-23 19:59:58] [32minfo[39m: Alert checks complete
[2026-03-23 20:11:44] [32minfo[39m: Running alert checks...
[2026-03-23 20:11:44] [33mwarn[39m: MongoDB disconnected
[2026-03-23 20:11:45] [32minfo[39m: Alert checks complete
[2026-03-23 20:15:37] [33mwarn[39m: MongoDB disconnected
[2026-03-23 20:21:23] [33mwarn[39m: MongoDB disconnected
[2026-03-23 20:23:59] [32minfo[39m: Running alert checks...
[2026-03-23 20:23:59] [32minfo[39m: Alert checks complete
[2026-03-23 20:29:17] [33mwarn[39m: MongoDB disconnected
[2026-03-23 20:33:46] [33mwarn[39m: MongoDB disconnected
[2026-03-23 20:33:59] [32minfo[39m: Running alert checks...
[2026-03-23 20:33:59] [32minfo[39m: Alert checks complete
[2026-03-23 20:40:15] [33mwarn[39m: MongoDB disconnected
[2026-03-23 20:43:16] [33mwarn[39m: MongoDB disconnected
[2026-03-23 20:58:50] [32minfo[39m: Running alert checks...
[2026-03-23 20:58:51] [32minfo[39m: Alert checks complete
[2026-03-23 21:10:54] [32minfo[39m: Running alert checks...
[2026-03-23 21:10:54] [33mwarn[39m: MongoDB disconnected
[2026-03-23 21:10:55] [32minfo[39m: Alert checks complete
[2026-03-23 21:12:01] [33mwarn[39m: MongoDB disconnected
[2026-03-23 21:20:43] [33mwarn[39m: MongoDB disconnected
[2026-03-23 21:20:54] [32minfo[39m: Running alert checks...
[2026-03-23 21:20:54] [32minfo[39m: Alert checks complete
[2026-03-23 21:21:40] [33mwarn[39m: MongoDB disconnected
[2026-03-23 21:26:07] [33mwarn[39m: MongoDB disconnected
[2026-03-23 21:28:26] [33mwarn[39m: MongoDB disconnected
[2026-03-23 21:31:06] [32minfo[39m: Running alert checks...
[2026-03-23 21:31:06] [32minfo[39m: Alert checks complete
[2026-03-23 21:32:55] [33mwarn[39m: MongoDB disconnected
[2026-03-23 21:43:46] [32minfo[39m: Running alert checks...
[2026-03-23 21:43:46] [33mwarn[39m: MongoDB disconnected
[2026-03-23 21:43:47] [32minfo[39m: Alert checks complete
[2026-03-23 21:49:08] [33mwarn[39m: MongoDB disconnected
[2026-03-23 21:52:52] [33mwarn[39m: MongoDB disconnected
[2026-03-23 21:54:45] [32minfo[39m: Running alert checks...
[2026-03-23 21:54:46] [33mwarn[39m: MongoDB disconnected
[2026-03-23 21:54:46] [32minfo[39m: Alert checks complete
[2026-03-23 21:55:33] [33mwarn[39m: MongoDB disconnected
[2026-03-23 21:56:39] [33mwarn[39m: MongoDB disconnected
[2026-03-23 22:14:10] [32minfo[39m: Running alert checks...
[2026-03-23 22:14:10] [33mwarn[39m: MongoDB disconnected
[2026-03-23 22:14:11] [32minfo[39m: Alert checks complete
[2026-03-23 22:15:13] [33mwarn[39m: MongoDB disconnected
[2026-03-23 22:16:13] [33mwarn[39m: MongoDB disconnected
[2026-03-23 22:22:51] [33mwarn[39m: MongoDB disconnected
[2026-03-23 22:24:10] [32minfo[39m: Running alert checks...
[2026-03-23 22:24:10] [32minfo[39m: Alert checks complete
[2026-03-23 22:34:10] [32minfo[39m: Running alert checks...
[2026-03-23 22:34:10] [32minfo[39m: Alert checks complete
[2026-03-23 22:44:10] [32minfo[39m: Running alert checks...
[2026-03-23 22:44:11] [32minfo[39m: Alert checks complete
[2026-03-24 17:51:14] [32minfo[39m: MongoDB Connected: localhost
[2026-03-24 17:51:14] [32minfo[39m: AFIS Backend running on http://localhost:5000
[2026-03-24 17:51:14] [32minfo[39m: Environment: development
[2026-03-24 17:51:14] [32minfo[39m: CORS allowed origin: http://localhost:8080
[2026-03-24 17:52:06] [32minfo[39m: MongoDB Connected: localhost
[2026-03-24 17:52:06] [32minfo[39m: AFIS Backend running on http://localhost:5000
[2026-03-24 17:52:06] [32minfo[39m: Environment: development
[2026-03-24 17:52:06] [32minfo[39m: CORS allowed origin: http://localhost:8080
[2026-03-25 21:04:30] [32minfo[39m: MongoDB Connected: localhost
[2026-03-25 21:04:30] [32minfo[39m: AFIS Backend running on http://localhost:5000
[2026-03-25 21:04:30] [32minfo[39m: Environment: development
[2026-03-25 21:04:30] [32minfo[39m: CORS allowed origin: http://localhost:8080
[2026-03-25 21:14:30] [32minfo[39m: Running alert checks...
[2026-03-25 21:14:30] [32minfo[39m: Alert checks complete
[2026-03-25 21:24:23] [32minfo[39m: MongoDB Connected: localhost
[2026-03-25 21:24:23] [32minfo[39m: AFIS Backend running on http://localhost:5000
[2026-03-25 21:24:23] [32minfo[39m: Environment: development
[2026-03-25 21:24:23] [32minfo[39m: CORS allowed origin: http://localhost:8080
[2026-03-25 21:34:23] [32minfo[39m: Running alert checks...
[2026-03-25 21:34:23] [32minfo[39m: Alert checks complete
[2026-03-25 21:44:23] [32minfo[39m: Running alert checks...
[2026-03-25 21:44:23] [32minfo[39m: Alert checks complete
[2026-03-25 22:23:09] [32minfo[39m: MongoDB Connected: localhost
[2026-03-25 22:23:09] [32minfo[39m: AFIS Backend running on http://localhost:5000
[2026-03-25 22:23:09] [32minfo[39m: Environment: development
[2026-03-25 22:23:09] [32minfo[39m: CORS allowed origin: http://localhost:8080
[2026-03-25 22:33:09] [32minfo[39m: Running alert checks...
[2026-03-25 22:33:09] [32minfo[39m: Alert checks complete
[2026-03-25 22:57:21] [32minfo[39m: MongoDB Connected: localhost
[2026-03-25 22:57:21] [32minfo[39m: AFIS Backend running on http://localhost:5000
[2026-03-25 22:57:21] [32minfo[39m: Environment: development
[2026-03-25 22:57:21] [32minfo[39m: CORS allowed origin: http://localhost:8080
[2026-03-25 23:07:21] [32minfo[39m: Running alert checks...
[2026-03-25 23:07:21] [32minfo[39m: Alert checks complete
[2026-03-25 23:23:16] [32minfo[39m: Running alert checks...
[2026-03-25 23:23:16] [32minfo[39m: Alert checks complete
[2026-03-25 23:33:16] [32minfo[39m: Running alert checks...
[2026-03-25 23:33:16] [32minfo[39m: Alert checks complete
